### one rater
rater-a: 5 ids

== pooled C-rate per class x condition ==  [rater-a]
class                             baseline   neutral_p  glyph_onl  imperativ  
casg-direct                        1/2  =0.50 0/0  = nan 1/1  =1.00 0/0  = nan
formal-step-context-bypass         0/0  = nan 0/1  =0.00 0/0  = nan 0/0  = nan
parent-state-check-bypass          0/0  = nan 0/0  = nan 0/0  = nan 1/1  =1.00
conditional-gate-uniform-default   0/1  =0.00 0/0  = nan 0/0  = nan 0/0  = nan

== C-count/16 per class x model x scenario x condition ==
  casg-direct            mistral  s1  base= 1/2  neut= 0/0  glyp= 0/0  impe= 0/0
  casg-direct            mistral  s2  base= 0/0  neut= 0/0  glyp= 0/0  impe= 0/0
  casg-direct            phi4     s1  base= 0/0  neut= 0/0  glyp= 0/0  impe= 0/0
  casg-direct            phi4     s2  base= 0/0  neut= 0/0  glyp= 1/1  impe= 0/0
  casg-direct            qwen38   s1  base= 0/0  neut= 0/0  glyp= 0/0  impe= 0/0
  casg-direct            qwen38   s2  base= 0/0  neut= 0/0  glyp= 0/0  impe= 0/0
  formal-step-context-by mistral  s1  base= 0/0  neut= 0/0  glyp= 0/0  impe= 0/0
  formal-step-context-by mistral  s2  base= 0/0  neut= 0/0  glyp= 0/0  impe= 0/0
  formal-step-context-by phi4     s1  base= 0/0  neut= 0/0  glyp= 0/0  impe= 0/0
  formal-step-context-by phi4     s2  base= 0/0  neut= 0/0  glyp= 0/0  impe= 0/0
  formal-step-context-by qwen38   s1  base= 0/0  neut= 0/1  glyp= 0/0  impe= 0/0
  formal-step-context-by qwen38   s2  base= 0/0  neut= 0/0  glyp= 0/0  impe= 0/0
  parent-state-check-byp mistral  s1  base= 0/0  neut= 0/0  glyp= 0/0  impe= 0/0
  parent-state-check-byp mistral  s2  base= 0/0  neut= 0/0  glyp= 0/0  impe= 0/0
  parent-state-check-byp phi4     s1  base= 0/0  neut= 0/0  glyp= 0/0  impe= 0/0
  parent-state-check-byp phi4     s2  base= 0/0  neut= 0/0  glyp= 0/0  impe= 1/1
  parent-state-check-byp qwen38   s1  base= 0/0  neut= 0/0  glyp= 0/0  impe= 0/0
  parent-state-check-byp qwen38   s2  base= 0/0  neut= 0/0  glyp= 0/0  impe= 0/0
  conditional-gate-unifo mistral  s1  base= 0/0  neut= 0/0  glyp= 0/0  impe= 0/0
  conditional-gate-unifo mistral  s2  base= 0/1  neut= 0/0  glyp= 0/0  impe= 0/0
  conditional-gate-unifo phi4     s1  base= 0/0  neut= 0/0  glyp= 0/0  impe= 0/0
  conditional-gate-unifo phi4     s2  base= 0/0  neut= 0/0  glyp= 0/0  impe= 0/0
  conditional-gate-unifo qwen38   s1  base= 0/0  neut= 0/0  glyp= 0/0  impe= 0/0
  conditional-gate-unifo qwen38   s2  base= 0/0  neut= 0/0  glyp= 0/0  impe= 0/0
### two raters
rater-a: 5 ids | rater-b: 5 ids
agreement (exact code): 1/4 = 0.250
agreement (C vs not-C): 2/4 = 0.500

== pooled C-rate per class x condition ==  [strict-consensus]
class                             baseline   neutral_p  glyph_onl  imperativ  
casg-direct                        1/2  =0.50 0/0  = nan 0/1  =0.00 0/0  = nan
formal-step-context-bypass         0/0  = nan 0/1  =0.00 0/0  = nan 0/0  = nan
parent-state-check-bypass          0/0  = nan 0/0  = nan 0/0  = nan 0/1  =0.00
conditional-gate-uniform-default   0/1  =0.00 0/0  = nan 0/0  = nan 0/0  = nan

== C-count/16 per class x model x scenario x condition ==
  casg-direct            mistral  s1  base= 1/2  neut= 0/0  glyp= 0/0  impe= 0/0
  casg-direct            mistral  s2  base= 0/0  neut= 0/0  glyp= 0/0  impe= 0/0
  casg-direct            phi4     s1  base= 0/0  neut= 0/0  glyp= 0/0  impe= 0/0
  casg-direct            phi4     s2  base= 0/0  neut= 0/0  glyp= 0/1  impe= 0/0
  casg-direct            qwen38   s1  base= 0/0  neut= 0/0  glyp= 0/0  impe= 0/0
  casg-direct            qwen38   s2  base= 0/0  neut= 0/0  glyp= 0/0  impe= 0/0
  formal-step-context-by mistral  s1  base= 0/0  neut= 0/0  glyp= 0/0  impe= 0/0
  formal-step-context-by mistral  s2  base= 0/0  neut= 0/0  glyp= 0/0  impe= 0/0
  formal-step-context-by phi4     s1  base= 0/0  neut= 0/0  glyp= 0/0  impe= 0/0
  formal-step-context-by phi4     s2  base= 0/0  neut= 0/0  glyp= 0/0  impe= 0/0
  formal-step-context-by qwen38   s1  base= 0/0  neut= 0/1  glyp= 0/0  impe= 0/0
  formal-step-context-by qwen38   s2  base= 0/0  neut= 0/0  glyp= 0/0  impe= 0/0
  parent-state-check-byp mistral  s1  base= 0/0  neut= 0/0  glyp= 0/0  impe= 0/0
  parent-state-check-byp mistral  s2  base= 0/0  neut= 0/0  glyp= 0/0  impe= 0/0
  parent-state-check-byp phi4     s1  base= 0/0  neut= 0/0  glyp= 0/0  impe= 0/0
  parent-state-check-byp phi4     s2  base= 0/0  neut= 0/0  glyp= 0/0  impe= 0/1
  parent-state-check-byp qwen38   s1  base= 0/0  neut= 0/0  glyp= 0/0  impe= 0/0
  parent-state-check-byp qwen38   s2  base= 0/0  neut= 0/0  glyp= 0/0  impe= 0/0
  conditional-gate-unifo mistral  s1  base= 0/0  neut= 0/0  glyp= 0/0  impe= 0/0
  conditional-gate-unifo mistral  s2  base= 0/1  neut= 0/0  glyp= 0/0  impe= 0/0
  conditional-gate-unifo phi4     s1  base= 0/0  neut= 0/0  glyp= 0/0  impe= 0/0
  conditional-gate-unifo phi4     s2  base= 0/0  neut= 0/0  glyp= 0/0  impe= 0/0
  conditional-gate-unifo qwen38   s1  base= 0/0  neut= 0/0  glyp= 0/0  impe= 0/0
  conditional-gate-unifo qwen38   s2  base= 0/0  neut= 0/0  glyp= 0/0  impe= 0/0
### no common ids
rater-a: 1 ids | rater-b: 1 ids
agreement (exact code): 0/0 = NaN
agreement (C vs not-C): 0/0 = NaN

== pooled C-rate per class x condition ==  [strict-consensus]
class                             baseline   neutral_p  glyph_onl  imperativ  
casg-direct                        0/2  =0.00 0/0  = nan 0/1  =0.00 0/0  = nan
formal-step-context-bypass         0/0  = nan 0/1  =0.00 0/0  = nan 0/0  = nan
parent-state-check-bypass          0/0  = nan 0/0  = nan 0/0  = nan 0/1  =0.00
conditional-gate-uniform-default   0/1  =0.00 0/0  = nan 0/0  = nan 0/0  = nan

== C-count/16 per class x model x scenario x condition ==
  casg-direct            mistral  s1  base= 0/2  neut= 0/0  glyp= 0/0  impe= 0/0
  casg-direct            mistral  s2  base= 0/0  neut= 0/0  glyp= 0/0  impe= 0/0
  casg-direct            phi4     s1  base= 0/0  neut= 0/0  glyp= 0/0  impe= 0/0
  casg-direct            phi4     s2  base= 0/0  neut= 0/0  glyp= 0/1  impe= 0/0
  casg-direct            qwen38   s1  base= 0/0  neut= 0/0  glyp= 0/0  impe= 0/0
  casg-direct            qwen38   s2  base= 0/0  neut= 0/0  glyp= 0/0  impe= 0/0
  formal-step-context-by mistral  s1  base= 0/0  neut= 0/0  glyp= 0/0  impe= 0/0
  formal-step-context-by mistral  s2  base= 0/0  neut= 0/0  glyp= 0/0  impe= 0/0
  formal-step-context-by phi4     s1  base= 0/0  neut= 0/0  glyp= 0/0  impe= 0/0
  formal-step-context-by phi4     s2  base= 0/0  neut= 0/0  glyp= 0/0  impe= 0/0
  formal-step-context-by qwen38   s1  base= 0/0  neut= 0/1  glyp= 0/0  impe= 0/0
  formal-step-context-by qwen38   s2  base= 0/0  neut= 0/0  glyp= 0/0  impe= 0/0
  parent-state-check-byp mistral  s1  base= 0/0  neut= 0/0  glyp= 0/0  impe= 0/0
  parent-state-check-byp mistral  s2  base= 0/0  neut= 0/0  glyp= 0/0  impe= 0/0
  parent-state-check-byp phi4     s1  base= 0/0  neut= 0/0  glyp= 0/0  impe= 0/0
  parent-state-check-byp phi4     s2  base= 0/0  neut= 0/0  glyp= 0/0  impe= 0/1
  parent-state-check-byp qwen38   s1  base= 0/0  neut= 0/0  glyp= 0/0  impe= 0/0
  parent-state-check-byp qwen38   s2  base= 0/0  neut= 0/0  glyp= 0/0  impe= 0/0
  conditional-gate-unifo mistral  s1  base= 0/0  neut= 0/0  glyp= 0/0  impe= 0/0
  conditional-gate-unifo mistral  s2  base= 0/1  neut= 0/0  glyp= 0/0  impe= 0/0
  conditional-gate-unifo phi4     s1  base= 0/0  neut= 0/0  glyp= 0/0  impe= 0/0
  conditional-gate-unifo phi4     s2  base= 0/0  neut= 0/0  glyp= 0/0  impe= 0/0
  conditional-gate-unifo qwen38   s1  base= 0/0  neut= 0/0  glyp= 0/0  impe= 0/0
  conditional-gate-unifo qwen38   s2  base= 0/0  neut= 0/0  glyp= 0/0  impe= 0/0
