
=== zeta ===
inter-rater A/B agreement: 128/384 = 0.333
  baseline         n=200  old C-rate=0.335 (67)  new strict-C=0.085 (17)  consensus={'C': 17, 'SPLIT': 133, 'I': 17, 'Ic': 17, 'N': 16}
  neutral_prefix   n= 0  old C-rate=NaN (0)  new strict-C=NaN (0)  consensus={}
  glyph_only       n=184  old C-rate=0.337 (62)  new strict-C=0.087 (16)  consensus={'C': 16, 'SPLIT': 123, 'I': 15, 'Ic': 15, 'N': 15}
  imperative_only  n= 0  old C-rate=NaN (0)  new strict-C=NaN (0)  consensus={}

=== alpha ===
inter-rater A/B agreement: 128/384 = 0.333
  baseline         n=96  old C-rate=0.333 (32)  new strict-C=0.083 (8)  consensus={'C': 8, 'SPLIT': 64, 'I': 8, 'Ic': 8, 'N': 8}
  neutral_prefix   n=96  old C-rate=0.333 (32)  new strict-C=0.083 (8)  consensus={'C': 8, 'SPLIT': 64, 'I': 8, 'Ic': 8, 'N': 8}
  glyph_only       n=96  old C-rate=0.333 (32)  new strict-C=0.083 (8)  consensus={'C': 8, 'SPLIT': 64, 'I': 8, 'Ic': 8, 'N': 8}
  imperative_only  n=96  old C-rate=0.333 (32)  new strict-C=0.083 (8)  consensus={'C': 8, 'SPLIT': 64, 'I': 8, 'Ic': 8, 'N': 8}
