== annotated.md
BODY annotated
== canon_aligned.md
BODY canon_aligned
== canon_conflict.md
BODY canon_conflict
== cartographer.md
BODY cartographer
== cartographer_scan.md
BODY cartographer_scan
== corpus.md
BODY corpus
== domain_imperative.md
BODY domain_imperative
== duty.md
BODY duty
== glyph.md
BODY glyph
== glyph_minus_rest.md
BODY glyph_minus_rest
== ground.md
BODY ground
== ground_nonprescriptive.md
BODY ground_nonprescriptive
== imperative.md
BODY imperative
== neutral_prefix.md
BODY neutral
== off_target_canon.md
BODY off_target_canon
== off_target_glyph.md
BODY off_target
== preamble.md
PREAMBLE
== sandbox.json
{"f":"x"}
== scenario.md
BODY scenario
== scrambled_canon.md
BODY scrambled_canon
== scrambled_glyph.md
BODY scrambled
== study.json
{
  "assay": "grounded-glyph-probe",
  "item_id": "casg-direct",
  "model": {
    "base_url": "http://llama-server:8081/v1",
    "model_id": "Qwen2.5-32B-Instruct-Q4_K_M.gguf",
    "version": "q4km"
  },
  "conditions": [
    "baseline",
    "glyph_only",
    "grounded_glyph"
  ],
  "runs_per_cell": 2,
  "materials": {
    "scenario": "scenario.md",
    "glyph": "glyph.md",
    "ground": "ground.md",
    "imperative": "imperative.md",
    "scrambled": "scrambled_glyph.md",
    "off_target": "off_target_glyph.md",
    "neutral": "neutral_prefix.md",
    "glyph_minus_rest": "glyph_minus_rest.md",
    "duty": "duty.md",
    "corpus": "corpus.md",
    "annotated": "annotated.md",
    "cartographer": "cartographer.md",
    "cartographer_scan": "cartographer_scan.md",
    "domain_imperative": "domain_imperative.md",
    "ground_nonprescriptive": "ground_nonprescriptive.md",
    "canon_aligned": "canon_aligned.md",
    "canon_conflict": "canon_conflict.md",
    "scrambled_canon": "scrambled_canon.md",
    "off_target_canon": "off_target_canon.md"
  },
  "sampling": {
    "temperature": 0.8,
    "seeds": [
      1,
      2
    ],
    "max_tokens": 512,
    "top_n_sigma": -1,
    "top_k": 0,
    "typical_p": 1,
    "top_p": 1,
    "min_p": 0.05,
    "repeat_penalty": 1,
    "repeat_last_n": 0,
    "presence_penalty": 0,
    "frequency_penalty": 0,
    "xtc_probability": 0,
    "dry_multiplier": 0
  },
  "loop": {
    "preamble": "preamble.md",
    "sandbox": "sandbox.json",
    "step_cap": 7,
    "call_tokens": 99,
    "stop": [
      "STOP"
    ]
  }
}

missing scenario: study: read material <src>/absent_scenario.md: open <src>/absent_scenario.md: no such file or directory
missing glyph: study: read material <src>/absent_glyph.md: open <src>/absent_glyph.md: no such file or directory
missing ground: study: read material <src>/absent_ground.md: open <src>/absent_ground.md: no such file or directory
missing imperative: study: read material <src>/absent_imperative.md: open <src>/absent_imperative.md: no such file or directory
missing scrambled: study: read material <src>/absent_scrambled.md: open <src>/absent_scrambled.md: no such file or directory
missing off_target: study: read material <src>/absent_off_target.md: open <src>/absent_off_target.md: no such file or directory
missing neutral: study: read material <src>/absent_neutral.md: open <src>/absent_neutral.md: no such file or directory
missing glyph_minus_rest: study: read material <src>/absent_glyph_minus_rest.md: open <src>/absent_glyph_minus_rest.md: no such file or directory
missing duty: study: read material <src>/absent_duty.md: open <src>/absent_duty.md: no such file or directory
missing corpus: study: read material <src>/absent_corpus.md: open <src>/absent_corpus.md: no such file or directory
missing annotated: study: read material <src>/absent_annotated.md: open <src>/absent_annotated.md: no such file or directory
missing cartographer: study: read material <src>/absent_cartographer.md: open <src>/absent_cartographer.md: no such file or directory
missing cartographer_scan: study: read material <src>/absent_cartographer_scan.md: open <src>/absent_cartographer_scan.md: no such file or directory
missing domain_imperative: study: read material <src>/absent_domain_imperative.md: open <src>/absent_domain_imperative.md: no such file or directory
missing ground_nonprescriptive: study: read material <src>/absent_ground_nonprescriptive.md: open <src>/absent_ground_nonprescriptive.md: no such file or directory
missing canon_aligned: study: read material <src>/absent_canon_aligned.md: open <src>/absent_canon_aligned.md: no such file or directory
missing canon_conflict: study: read material <src>/absent_canon_conflict.md: open <src>/absent_canon_conflict.md: no such file or directory
missing scrambled_canon: study: read material <src>/absent_scrambled_canon.md: open <src>/absent_scrambled_canon.md: no such file or directory
missing off_target_canon: study: read material <src>/absent_off_target_canon.md: open <src>/absent_off_target_canon.md: no such file or directory
