
=== alpha ===
setup condition          n  consC  consIi  per-rater-C(A/B)  per-rater-Ii(A/B)
raw   baseline           3      0       0       1/0            0/2
raw   glyph_only         2      0       0       0/0            0/0
raw   imperative_only    1      0       0       0/1            1/0
loop  baseline           3      0       0       1/0            1/1
loop  glyph_only         2      1       0       1/1            0/0
loop  imperative_only    3      0       0       0/1            1/2
  raw agreement: 0.143   kappa: -0.135   (n=14)

=== beta ===
setup condition          n  consC  consIi  per-rater-C(A/B)  per-rater-Ii(A/B)
raw   baseline           2      1       0       1/1            0/1
raw   glyph_only         2      0       0       1/0            1/0
raw   imperative_only    2      1       0       1/1            0/0
loop  baseline           1      0       0       0/1            1/0
loop  glyph_only         3      0       0       1/0            1/0
loop  imperative_only    1      0       0       0/0            0/0
  raw agreement: 0.364   kappa: 0.163   (n=11)
