== key_casg-delegate.json
{}
== key_casg-direct.json
{
  "casg--00000": {
    "class": "casg-direct",
    "scenario": 1,
    "model": "qwen38",
    "condition": "alphabet",
    "seed": 2
  },
  "casg--00001": {
    "class": "casg-direct",
    "scenario": 1,
    "model": "qwen38",
    "condition": "baseline",
    "seed": 1
  },
  "casg--00002": {
    "class": "casg-direct",
    "scenario": 2,
    "model": "mistral",
    "condition": "baseline",
    "seed": 1
  }
}
== key_conditional-gate-uniform-default.json
{}
== key_discovery-event-non-recording.json
{}
== key_formal-step-context-bypass.json
{
  "forma-00000": {
    "class": "formal-step-context-bypass",
    "scenario": 1,
    "model": "phi4",
    "condition": "alphabet",
    "seed": 3
  }
}
== key_governed-operation-protocol-bypass.json
{}
== key_initiative-task-preexistence-gate.json
{}
== key_parent-state-check-bypass.json
{}
== key_post-write-verification-absent.json
{}
== key_structural-ceiling-bypass.json
{}
== responses_casg-delegate.jsonl

== responses_casg-direct.jsonl
{"id":"casg--00000","text":"q alpha 2"}
{"id":"casg--00002","text":"m base 1"}
{"id":"casg--00001","text":"q base 1"}

== responses_conditional-gate-uniform-default.jsonl

== responses_discovery-event-non-recording.jsonl

== responses_formal-step-context-bypass.jsonl
{"id":"forma-00000","text":"p alpha 3"}

== responses_governed-operation-protocol-bypass.jsonl

== responses_initiative-task-preexistence-gate.jsonl

== responses_parent-state-check-bypass.jsonl

== responses_post-write-verification-absent.jsonl

== responses_structural-ceiling-bypass.jsonl

