$ 
usage:
  corpos-lab baseline capture <candidate> -scenario S.md [-runs N] [-out DIR] [-base URL] [-model NAME] [-version V] [-temperature T] [-max-tokens N]
  corpos-lab baseline fold -captures DIR -scores DIR [-out BASELINE.json]
=> 2
$ item
usage:
  corpos-lab baseline capture <candidate> -scenario S.md [-runs N] [-out DIR] [-base URL] [-model NAME] [-version V] [-temperature T] [-max-tokens N]
  corpos-lab baseline fold -captures DIR -scores DIR [-out BASELINE.json]
=> 2
$ -scenario s.md
usage:
  corpos-lab baseline capture <candidate> -scenario S.md [-runs N] [-out DIR] [-base URL] [-model NAME] [-version V] [-temperature T] [-max-tokens N]
  corpos-lab baseline fold -captures DIR -scores DIR [-out BASELINE.json]
=> 2
$ a b -scenario s.md
usage:
  corpos-lab baseline capture <candidate> -scenario S.md [-runs N] [-out DIR] [-base URL] [-model NAME] [-version V] [-temperature T] [-max-tokens N]
  corpos-lab baseline fold -captures DIR -scores DIR [-out BASELINE.json]
=> 2
$ item -scenario s.md -runs 0
corpos-lab: -runs must be >= 1, got 0
=> 2
$ item -scenario s.md -runs x
corpos-lab: -runs not an integer: "x"
=> 2
$ item -scenario s.md -temperature hot
corpos-lab: -temperature not a number: "hot"
=> 2
$ item -scenario s.md -max-tokens -3
corpos-lab: -max-tokens must be >= 1, got -3
=> 2
$ item -scenario <absent> -out o -base b -model m -version v -runs 2 -temperature 0.5 -max-tokens 64
corpos-lab: read scenario: open <absent>: no such file or directory
=> 1
$ item -scenario
corpos-lab: -scenario needs a value
=> 2
$ item -out
corpos-lab: -out needs a value
=> 2
$ item -base
corpos-lab: -base needs a value
=> 2
$ item -model
corpos-lab: -model needs a value
=> 2
$ item -version
corpos-lab: -version needs a value
=> 2
$ item -runs
corpos-lab: -runs needs a value
=> 2
$ item -temperature
corpos-lab: -temperature needs a value
=> 2
$ item -max-tokens
corpos-lab: -max-tokens needs a value
=> 2
