$ 
usage: corpos-lab battery <candidate.md> [-out FILE] [-model NAME] [-base URL] [-repo DIR] [-registry ALPHABET.md] [-definition GLYPH_DEFINITION.md] [-provenance-types GLYPH_PROVENANCE_TYPES.md] [-baseline BASELINE.json] [-all-items]
=> 2
$ a.md b.md
usage: corpos-lab battery <candidate.md> [-out FILE] [-model NAME] [-base URL] [-repo DIR] [-registry ALPHABET.md] [-definition GLYPH_DEFINITION.md] [-provenance-types GLYPH_PROVENANCE_TYPES.md] [-baseline BASELINE.json] [-all-items]
=> 2
$ -all-items
usage: corpos-lab battery <candidate.md> [-out FILE] [-model NAME] [-base URL] [-repo DIR] [-registry ALPHABET.md] [-definition GLYPH_DEFINITION.md] [-provenance-types GLYPH_PROVENANCE_TYPES.md] [-baseline BASELINE.json] [-all-items]
=> 2
$ c.md -out
corpos-lab: -out needs a value
=> 2
$ c.md -base
corpos-lab: -base needs a value
=> 2
$ c.md -model
corpos-lab: -model needs a value
=> 2
$ c.md -version
corpos-lab: -version needs a value
=> 2
$ c.md -repo
corpos-lab: -repo needs a value
=> 2
$ c.md -registry
corpos-lab: -registry needs a value
=> 2
$ c.md -definition
corpos-lab: -definition needs a value
=> 2
$ c.md -provenance-types
corpos-lab: -provenance-types needs a value
=> 2
$ c.md -baseline
corpos-lab: -baseline needs a value
=> 2
