$ 
usage:
  corpos-lab disclosure verify [-public-dir DIR] [-manifest FILE]
  corpos-lab disclosure promote [-canon DIR] [-registry FILE] [-public-dir DIR] [-manifest FILE]
=> 2
$ verify -public-dir
corpos-lab: -public-dir needs a value
=> 2
$ verify -manifest
corpos-lab: -manifest needs a value
=> 2
$ promote -canon
corpos-lab: -canon needs a value
=> 2
$ promote -registry
corpos-lab: -registry needs a value
=> 2
$ verify extra
usage:
  corpos-lab disclosure verify [-public-dir DIR] [-manifest FILE]
  corpos-lab disclosure promote [-canon DIR] [-registry FILE] [-public-dir DIR] [-manifest FILE]
=> 2
$ bogus
usage:
  corpos-lab disclosure verify [-public-dir DIR] [-manifest FILE]
  corpos-lab disclosure promote [-canon DIR] [-registry FILE] [-public-dir DIR] [-manifest FILE]
=> 2
$ verify -public-dir <root>/pub-empty -manifest <root>/approved.txt
corpos-lab: disclosure verify PASS — public tree matches <root>/approved.txt
=> 0
$ verify -public-dir <root>/pub-leak -manifest <root>/approved.txt
corpos-lab: disclosure verify FAILED: disclosure: public tree does not match the approved manifest: LEAK — 1 unapproved glyph(s) present in the public tree: leaked
=> 1
$ promote -registry <root>/absent.md -manifest <root>/approved.txt -public-dir <root>/pub-empty -canon <root>/canon
corpos-lab: read registry: open <root>/absent.md: no such file or directory
=> 1
$ promote -registry <root>/BAD.md -manifest <root>/approved.txt -public-dir <root>/pub-empty -canon <root>/canon
corpos-lab: disclosure: no certification-registry table found (need slug, canonical definition file, and definition digest columns)
=> 1
$ promote -registry <root>/ALPHABET.md -manifest <root>/absent.txt -public-dir <root>/pub-empty -canon <root>/canon
corpos-lab: read approved manifest: open <root>/absent.txt: no such file or directory
=> 1
$ promote -registry <root>/ALPHABET.md -manifest <root>/bad-approved.txt -public-dir <root>/pub-empty -canon <root>/canon
corpos-lab: disclosure: approved manifest line 1 is not a bare slug: "not a slug!"
=> 1
$ promote -registry <root>/ALPHABET.md -manifest <root>/unknown-approved.txt -public-dir <root>/pub-empty -canon <root>/canon
corpos-lab: disclosure promote FAILED: disclosure: 1 approved glyph(s) are not certified and cannot be published: no-such-glyph
=> 1
$ promote -registry <root>/ALPHABET.md -manifest <root>/approved.txt -public-dir <root>/pub-stale -canon <root>/canon
corpos-lab: disclosure promote — published 0, removed 1 (into <root>/pub-stale)
  removed:   old
=> 0
