scored 3 cells

== H1: verdict accuracy vs scope engagement (BASE arm) ==
model         acc   scope-cite/correct   wrong-path/correct
mistral      0.50                 1.00                 0.00   (correct 1/2, scope 1)
qwen2532     0.00                  nan                  nan   (correct 0/0, scope 0)
qwen38       1.00                 0.00                 1.00   (correct 2/2, scope 0)

== H1 by scenario polarity (BASE arm), all models pooled ==
  a (yes): acc 0.50  scope-cite/correct 1.00  (correct 1/2)
  b (no): acc 1.00  scope-cite/correct 0.00  (correct 2/2)

== H2: brittleness (BASE vs ABLATED accuracy drop, by base-arm routing) ==

  mistral: shortcut-cell mean drop nan (n=0), scope-cell mean drop nan (n=0), differential +nan
    cas-a uninform base 1/8 -> ablated 0/8  drop +0.50

  qwen2532: shortcut-cell mean drop nan (n=0), scope-cell mean drop nan (n=0), differential +nan

  qwen38: shortcut-cell mean drop nan (n=0), scope-cell mean drop nan (n=0), differential +nan

== Field-source class distribution per model/arm (all runs) ==
  base     mistral   {'scope': 1, 'aim': 1}
  ablated  mistral   {'none': 1}
  base     qwen2532  {'rest': 1}
  ablated  qwen2532  {}
  base     qwen38    {'marker': 1, 'pull': 1}
  ablated  qwen38    {}

== Field-source among correct verdicts, by model and polarity (BASE arm) ==
  mistral   a (yes) {'scope': 1}
  mistral   b (no ) {}
  qwen2532  a (yes) {'rest': 1}
  qwen2532  b (no ) {}
  qwen38    a (yes) {}
  qwen38    b (no ) {'marker': 1, 'pull': 1}

== Qwen3.8 base: scope worked in the trace despite a non-scope citation ==
  non-scope-cited base runs: 2; trace mentions scope/operative: 1
error: need --runs
error: unexpected args: [extra]
