baseline full: SCEN
baseline bare: SCEN
glyph_only full: GLYPH\n---\nSCEN
glyph_only bare: ERR assay: glyph_only condition requires a glyph
grounded_glyph full: GLYPH\n---\nGROUND\n---\nSCEN
grounded_glyph bare: ERR assay: grounded_glyph condition requires a glyph
imperative_only full: IMP\n---\nSCEN
imperative_only bare: ERR assay: imperative_only condition requires an imperative
scrambled_glyph full: SCR\n---\nSCEN
scrambled_glyph bare: ERR assay: scrambled_glyph condition requires a scrambled glyph
off_target_glyph full: OFF\n---\nSCEN
off_target_glyph bare: ERR assay: off_target_glyph condition requires an off-target glyph
neutral_prefix full: NEU\n---\nSCEN
neutral_prefix bare: ERR assay: neutral_prefix condition requires a neutral prefix
glyph_minus_rest full: GMR\n---\nSCEN
glyph_minus_rest bare: ERR assay: glyph_minus_rest condition requires a glyph-minus-rest material
duty_only full: DUTY\n---\nSCEN
duty_only bare: ERR assay: duty_only condition requires a duty specification
corpus_only full: CORP\n---\nSCEN
corpus_only bare: ERR assay: corpus_only condition requires a corpus
annotated_instrument full: ANN\n---\nSCEN
annotated_instrument bare: ERR assay: annotated_instrument condition requires an annotated instrument
cartographer_instrument full: CART\n---\nSCEN
cartographer_instrument bare: ERR assay: cartographer_instrument condition requires a cartographer instrument
cartographer_scan_instrument full: CSCAN\n---\nSCEN
cartographer_scan_instrument bare: ERR assay: cartographer_scan_instrument condition requires a cartographer-scan instrument
ground_only full: GROUND\n---\nSCEN
ground_only bare: ERR assay: ground_only condition requires a ground
domain_imperative_only full: DIMP\n---\nSCEN
domain_imperative_only bare: ERR assay: domain_imperative_only condition requires a domain imperative
ground_nonprescriptive full: NPG\n---\nSCEN
ground_nonprescriptive bare: ERR assay: ground_nonprescriptive condition requires a non-prescriptive ground
canon_aligned full: CAL\n---\nSCEN
canon_aligned bare: ERR assay: canon_aligned condition requires a canon-aligned block
canon_conflict full: CCON\n---\nSCEN
canon_conflict bare: ERR assay: canon_conflict condition requires a canon-conflict block
scrambled_canon full: SCAN\n---\nSCEN
scrambled_canon bare: ERR assay: scrambled_canon condition requires a scrambled-canon block
off_target_canon full: OTC\n---\nSCEN
off_target_canon bare: ERR assay: off_target_canon condition requires an off-target-canon block
nope full: ERR assay: unknown condition "nope"
nope bare: ERR assay: unknown condition "nope"
grounded_glyph no-ground: ERR assay: grounded_glyph condition requires a ground
