scored 57 cells

== H1: verdict accuracy vs scope engagement (BASE arm) ==
model         acc   scope-cite/correct   wrong-path/correct
mistral      0.50                 0.17                 0.83   (correct 36/72, scope 6)
qwen2532     0.57                 0.11                 0.89   (correct 46/80, scope 5)
qwen38       0.67                 0.12                 0.88   (correct 48/72, scope 6)

== H1 by scenario polarity (BASE arm), all models pooled ==
  a (yes): acc 0.75  scope-cite/correct 0.13  (correct 84/112)
  b (no): acc 0.41  scope-cite/correct 0.13  (correct 46/112)

== H2: brittleness (BASE vs ABLATED accuracy drop, by base-arm routing) ==

  mistral: shortcut-cell mean drop -0.10 (n=5), scope-cell mean drop 0.25 (n=1), differential -0.35
    cas-b uninform base 0/8 -> ablated 0/8  drop +0.00
    cgu-a shortcut base 8/8 -> ablated 4/8  drop +0.50
    fsb-a shortcut base 4/8 -> ablated 8/8  drop -0.50
    fsb-b scope    base 2/8 -> ablated 0/8  drop +0.25
    psc-a shortcut base 4/8 -> ablated 8/8  drop -0.50
    psc-b shortcut base 2/8 -> ablated 4/8  drop -0.25
    scb-b shortcut base 4/8 -> ablated 2/8  drop +0.25

  qwen2532: shortcut-cell mean drop 0.18 (n=7), scope-cell mean drop nan (n=0), differential +nan
    cas-a shortcut base 4/8 -> ablated 8/8  drop -0.50
    cas-b uninform base 0/8 -> ablated 0/8  drop +0.00
    cgu-b shortcut base 4/8 -> ablated 2/8  drop +0.25
    fsb-a shortcut base 4/8 -> ablated 8/8  drop -0.50
    gop-a shortcut base 8/8 -> ablated 4/8  drop +0.50
    gop-b shortcut base 8/8 -> ablated 2/8  drop +0.75
    scb-a shortcut base 8/8 -> ablated 4/8  drop +0.50
    scb-b shortcut base 4/8 -> ablated 2/8  drop +0.25

  qwen38: shortcut-cell mean drop 0.20 (n=5), scope-cell mean drop -0.25 (n=1), differential +0.45
    cgu-a shortcut base 8/8 -> ablated 4/8  drop +0.50
    cgu-b shortcut base 4/8 -> ablated 2/8  drop +0.25
    fsb-b shortcut base 2/8 -> ablated 0/8  drop +0.25
    gop-a shortcut base 8/8 -> ablated 4/8  drop +0.50
    psc-a shortcut base 4/8 -> ablated 8/8  drop -0.50
    psc-b scope    base 2/8 -> ablated 4/8  drop -0.25

== Field-source class distribution per model/arm (all runs) ==
  base     mistral   {'scope': 14, 'marker': 13, 'aim': 14, 'pull': 14, 'rest': 13, 'other': 14, 'none': 14}
  ablated  mistral   {'pull': 14, 'rest': 13, 'other': 14, 'none': 14, 'scope': 13, 'marker': 14, 'aim': 14}
  base     qwen2532  {'marker': 14, 'aim': 13, 'pull': 14, 'rest': 14, 'other': 13, 'none': 14, 'scope': 14}
  ablated  qwen2532  {'rest': 14, 'other': 13, 'none': 14, 'scope': 14, 'marker': 13, 'aim': 14, 'pull': 14}
  base     qwen38    {'aim': 14, 'pull': 13, 'rest': 14, 'other': 14, 'none': 13, 'scope': 14, 'marker': 14}
  ablated  qwen38    {'other': 14, 'none': 13, 'scope': 14, 'marker': 14, 'aim': 13, 'pull': 14, 'rest': 14}

== Field-source among correct verdicts, by model and polarity (BASE arm) ==
  mistral   a (yes) {'scope': 6, 'aim': 7, 'rest': 6, 'none': 5, 'marker': 3, 'pull': 4, 'other': 5}
  mistral   b (no ) {'aim': 3, 'rest': 3, 'none': 2, 'marker': 3, 'pull': 2, 'scope': 4, 'other': 3}
  qwen2532  a (yes) {'marker': 6, 'pull': 7, 'other': 6, 'scope': 5, 'aim': 3, 'rest': 4, 'none': 5}
  qwen2532  b (no ) {'pull': 3, 'other': 3, 'scope': 2, 'aim': 3, 'rest': 2, 'marker': 4, 'none': 3}
  qwen38    a (yes) {'aim': 6, 'rest': 7, 'none': 6, 'marker': 5, 'pull': 3, 'other': 4, 'scope': 5}
  qwen38    b (no ) {'rest': 3, 'none': 3, 'marker': 2, 'pull': 3, 'other': 2, 'aim': 4, 'scope': 3}

== Qwen3.8 base: scope worked in the trace despite a non-scope citation ==
  non-scope-cited base runs: 82; trace mentions scope/operative: 42
### no cells
scored 0 cells

== H1: verdict accuracy vs scope engagement (BASE arm) ==
model         acc   scope-cite/correct   wrong-path/correct
mistral      0.00                  nan                  nan   (correct 0/0, scope 0)
qwen2532     0.00                  nan                  nan   (correct 0/0, scope 0)
qwen38       0.00                  nan                  nan   (correct 0/0, scope 0)

== H1 by scenario polarity (BASE arm), all models pooled ==
  a (yes): acc nan  scope-cite/correct nan  (correct 0/0)
  b (no): acc nan  scope-cite/correct nan  (correct 0/0)

== H2: brittleness (BASE vs ABLATED accuracy drop, by base-arm routing) ==

  mistral: shortcut-cell mean drop nan (n=0), scope-cell mean drop nan (n=0), differential +nan

  qwen2532: shortcut-cell mean drop nan (n=0), scope-cell mean drop nan (n=0), differential +nan

  qwen38: shortcut-cell mean drop nan (n=0), scope-cell mean drop nan (n=0), differential +nan

== Field-source class distribution per model/arm (all runs) ==
  base     mistral   {'scope': 14, 'marker': 13, 'aim': 14, 'pull': 14, 'rest': 13, 'other': 14, 'none': 14}
  ablated  mistral   {'pull': 14, 'rest': 13, 'other': 14, 'none': 14, 'scope': 13, 'marker': 14, 'aim': 14}
  base     qwen2532  {'marker': 14, 'aim': 13, 'pull': 14, 'rest': 14, 'other': 13, 'none': 14, 'scope': 14}
  ablated  qwen2532  {'rest': 14, 'other': 13, 'none': 14, 'scope': 14, 'marker': 13, 'aim': 14, 'pull': 14}
  base     qwen38    {'aim': 14, 'pull': 13, 'rest': 14, 'other': 14, 'none': 13, 'scope': 14, 'marker': 14}
  ablated  qwen38    {'other': 14, 'none': 13, 'scope': 14, 'marker': 14, 'aim': 13, 'pull': 14, 'rest': 14}

== Field-source among correct verdicts, by model and polarity (BASE arm) ==
  mistral   a (yes) {'scope': 6, 'aim': 7, 'rest': 6, 'none': 5, 'marker': 3, 'pull': 4, 'other': 5}
  mistral   b (no ) {'aim': 3, 'rest': 3, 'none': 2, 'marker': 3, 'pull': 2, 'scope': 4, 'other': 3}
  qwen2532  a (yes) {'marker': 6, 'pull': 7, 'other': 6, 'scope': 5, 'aim': 3, 'rest': 4, 'none': 5}
  qwen2532  b (no ) {'pull': 3, 'other': 3, 'scope': 2, 'aim': 3, 'rest': 2, 'marker': 4, 'none': 3}
  qwen38    a (yes) {'aim': 6, 'rest': 7, 'none': 6, 'marker': 5, 'pull': 3, 'other': 4, 'scope': 5}
  qwen38    b (no ) {'rest': 3, 'none': 3, 'marker': 2, 'pull': 3, 'other': 2, 'aim': 4, 'scope': 3}

== Qwen3.8 base: scope worked in the trace despite a non-scope citation ==
  non-scope-cited base runs: 82; trace mentions scope/operative: 42
