"<tool_call>{\"name\":\"read_file\",\"arguments\":{\"path\":\"a.go\"}}</tool_call>"
  -> ok=true {Kind:2 Tool:read_file Arg:a.go Content: Summary: RawLine:}
"<tool_call>{\"name\":\"list_files\",\"arguments\":{\"dir\":\"src\"}}"
  -> ok=true {Kind:1 Tool:list_files Arg:src Content: Summary: RawLine:}
"<tool_call>{not json}</tool_call>"
  -> ok=false {Kind:0 Tool: Arg: Content: Summary: RawLine:}
"<function=read_file>a.go</function>"
  -> ok=true {Kind:2 Tool:read_file Arg:a.go Content: Summary: RawLine:}
"<tool_call><function=list_files>tests/</function></tool_call>"
  -> ok=true {Kind:1 Tool:list_files Arg:tests/ Content: Summary: RawLine:}
"<function=edit_file\n<parameter=path>a.go</parameter>\n<parameter=content>x\ny</parameter>\n</function>"
  -> ok=true {Kind:4 Tool:edit_file Arg:a.go Content:x
y Summary: RawLine:}
"<function=FINAL>all done</function>"
  -> ok=true {Kind:5 Tool: Arg: Content: Summary:all done RawLine:}
"<function=final></tool_call>"
  -> ok=true {Kind:5 Tool: Arg: Content: Summary: RawLine:}
"<function=CALL list_files tests/>"
  -> ok=true {Kind:1 Tool:list_files Arg:tests/ Content: Summary: RawLine:}
"<function=CALL read_file>b.go</function>"
  -> ok=true {Kind:2 Tool:read_file Arg:b.go Content: Summary: RawLine:}
"<function=mystery>arg</function>"
  -> ok=true {Kind:6 Tool:mystery Arg:arg Content: Summary: RawLine:}
"<function=read_file no close"
  -> ok=false {Kind:0 Tool: Arg: Content: Summary: RawLine:}
"<function=read_file>unterminated arg"
  -> ok=true {Kind:2 Tool:read_file Arg:unterminated arg Content: Summary: RawLine:}
"<tool_call>\n\n  read_file c.go\n</tool_call>"
  -> ok=true {Kind:2 Tool:read_file Arg:c.go Content: Summary: RawLine:}
"<tool_call>\nedit_file d.go ||| line1\nline2\n</tool_call>"
  -> ok=true {Kind:4 Tool:edit_file Arg:d.go Content:line1
line2 Summary: RawLine:}
"<tool_call>\nwhatever text\n</tool_call>"
  -> ok=false {Kind:0 Tool: Arg: Content: Summary: RawLine:}
"<tool_call>\n\n</tool_call>"
  -> ok=false {Kind:0 Tool: Arg: Content: Summary: RawLine:}
"plain prose, no call"
  -> ok=false {Kind:0 Tool: Arg: Content: Summary: RawLine:}
